CACHEFLEX_MC_ROOT=/data2/rsappidi/cacheflex_mc
  GEM5_SPM     : OK
  SPM_COMPILER : OK
  m5op.o       : OK
  CROSS_CXX    : /data2/rsappidi/cacheflex_mc/tools/arm-gnu-toolchain-14.3.rel1-x86_64-aarch64-none-linux-gnu/bin/aarch64-none-linux-gnu-g++
RESULT_ROOT=/homes/rsappidi/data2/cacheflex_mc/results/gemm/acl_fp16_w1w7_secondary_20260622_190633
MAXJOBS=2 THREADS=8 WARMUP=0 REPEAT=1 VERIFY=8
===== W1 M=128 K=4096 N=11008 grid-cols=8 =====
[19:23:34] W1 blk mc128 kc256 pc8 ways0 status=0 verify=pass
[19:24:05] W1 blk mc128 kc128 pc8 ways0 status=0 verify=pass
===== W2 M=256 K=4096 N=4096 grid-cols=8 =====
[19:33:31] W1 spm mc128 kc256 pc8 ways4 status=0 verify=pass
[19:33:59] W1 spm mc128 kc128 pc8 ways4 status=0 verify=pass
[19:43:49] W2 blk mc96 kc64 pc8 ways0 status=0 verify=pass
[19:43:54] W2 blk mc96 kc128 pc8 ways0 status=0 verify=pass
[19:53:38] W2 blk mc96 kc256 pc8 ways0 status=0 verify=pass
[19:54:36] W2 blk mc128 kc64 pc8 ways0 status=0 verify=pass
[20:03:38] W2 blk mc128 kc128 pc8 ways0 status=0 verify=pass
[20:04:30] W2 blk mc128 kc256 pc8 ways0 status=0 verify=pass
[20:14:46] W2 blk mc160 kc64 pc8 ways0 status=0 verify=pass
[20:14:48] W2 blk mc160 kc128 pc8 ways0 status=0 verify=pass
[20:25:19] W2 blk mc160 kc256 pc8 ways0 status=0 verify=pass
[20:26:17] W2 blk mc192 kc64 pc8 ways0 status=0 verify=pass
[20:35:49] W2 blk mc192 kc128 pc8 ways0 status=0 verify=pass
[20:36:43] W2 blk mc192 kc256 pc8 ways0 status=0 verify=pass
[20:47:04] W2 blk mc256 kc128 pc8 ways0 status=0 verify=pass
[20:47:15] W2 blk mc256 kc64 pc8 ways0 status=0 verify=pass
[20:55:22] W2 spm mc96 kc64 pc8 ways4 status=0 verify=pass
[20:57:13] W2 blk mc256 kc256 pc8 ways0 status=0 verify=pass
[21:02:02] W2 spm mc96 kc128 pc8 ways4 status=0 verify=pass
[21:03:20] W2 spm mc96 kc256 pc8 ways4 status=0 verify=pass
[21:10:15] W2 spm mc128 kc64 pc8 ways4 status=0 verify=pass
[21:10:19] W2 spm mc128 kc128 pc8 ways4 status=0 verify=pass
[21:16:35] W2 spm mc128 kc256 pc8 ways4 status=0 verify=pass
[21:19:08] W2 spm mc160 kc64 pc8 ways4 status=0 verify=pass
[21:23:37] W2 spm mc160 kc128 pc8 ways4 status=0 verify=pass
[21:25:30] W2 spm mc160 kc256 pc8 ways4 status=0 verify=pass
[21:32:37] W2 spm mc192 kc64 pc8 ways4 status=0 verify=pass
[21:32:40] W2 spm mc192 kc128 pc8 ways4 status=0 verify=pass
[21:39:07] W2 spm mc192 kc256 pc8 ways4 status=0 verify=pass
[21:42:19] W2 spm mc256 kc64 pc8 ways4 status=0 verify=pass
===== W3 M=256 K=2048 N=2048 grid-cols=4 =====
[21:46:49] W2 spm mc256 kc128 pc8 ways4 status=0 verify=pass
[21:48:58] W2 spm mc256 kc256 pc8 ways4 status=0 verify=pass
[21:49:54] W3 blk mc96 kc64 pc4 ways0 status=0 verify=pass
[21:51:59] W3 blk mc96 kc128 pc4 ways0 status=0 verify=pass
[21:53:07] W3 blk mc96 kc256 pc4 ways0 status=0 verify=pass
[21:55:05] W3 blk mc128 kc64 pc4 ways0 status=0 verify=pass
[21:56:07] W3 blk mc128 kc128 pc4 ways0 status=0 verify=pass
[21:58:12] W3 blk mc128 kc256 pc4 ways0 status=0 verify=pass
[21:59:14] W3 blk mc160 kc64 pc4 ways0 status=0 verify=pass
[22:01:13] W3 blk mc160 kc128 pc4 ways0 status=0 verify=pass
[22:02:21] W3 blk mc160 kc256 pc4 ways0 status=0 verify=pass
[22:04:23] W3 blk mc192 kc64 pc4 ways0 status=0 verify=pass
[22:05:26] W3 blk mc192 kc128 pc4 ways0 status=0 verify=pass
[22:07:35] W3 blk mc192 kc256 pc4 ways0 status=0 verify=pass
[22:08:34] W3 blk mc256 kc64 pc4 ways0 status=0 verify=pass
[22:10:37] W3 blk mc256 kc128 pc4 ways0 status=0 verify=pass
[22:11:44] W3 blk mc256 kc256 pc4 ways0 status=0 verify=pass
[22:12:42] W3 spm mc96 kc64 pc4 ways4 status=0 verify=pass
[22:13:33] W3 spm mc96 kc128 pc4 ways4 status=0 verify=pass
[22:14:24] W3 spm mc96 kc256 pc4 ways4 status=0 verify=pass
[22:15:49] W3 spm mc128 kc64 pc4 ways4 status=0 verify=pass
[22:16:18] W3 spm mc128 kc128 pc4 ways4 status=0 verify=pass
[22:17:34] W3 spm mc128 kc256 pc4 ways4 status=0 verify=pass
[22:18:32] W3 spm mc160 kc64 pc4 ways4 status=0 verify=pass
[22:19:30] W3 spm mc160 kc128 pc4 ways4 status=0 verify=pass
[22:20:20] W3 spm mc160 kc256 pc4 ways4 status=0 verify=pass
[22:21:45] W3 spm mc192 kc64 pc4 ways4 status=0 verify=pass
[22:22:14] W3 spm mc192 kc128 pc4 ways4 status=0 verify=pass
[22:23:34] W3 spm mc192 kc256 pc4 ways4 status=0 verify=pass
[22:24:31] W3 spm mc256 kc64 pc4 ways4 status=0 verify=pass
===== W4 M=512 K=768 N=768 grid-cols=2 =====
[22:25:29] W3 spm mc256 kc128 pc4 ways4 status=0 verify=pass
[22:26:21] W3 spm mc256 kc256 pc4 ways4 status=0 verify=pass
[22:26:22] W4 blk mc96 kc64 pc2 ways0 status=0 verify=pass
[22:27:13] W4 blk mc96 kc96 pc2 ways0 status=0 verify=pass
[22:27:15] W4 blk mc96 kc128 pc2 ways0 status=0 verify=pass
[22:28:06] W4 blk mc96 kc192 pc2 ways0 status=0 verify=pass
[22:28:11] W4 blk mc96 kc256 pc2 ways0 status=0 verify=pass
[22:29:01] W4 blk mc128 kc64 pc2 ways0 status=0 verify=pass
[22:29:05] W4 blk mc128 kc96 pc2 ways0 status=0 verify=pass
[22:29:54] W4 blk mc128 kc128 pc2 ways0 status=0 verify=pass
[22:29:59] W4 blk mc128 kc192 pc2 ways0 status=0 verify=pass
[22:30:49] W4 blk mc128 kc256 pc2 ways0 status=0 verify=pass
[22:30:55] W4 blk mc160 kc64 pc2 ways0 status=0 verify=pass
[22:31:42] W4 blk mc160 kc96 pc2 ways0 status=0 verify=pass
[22:31:48] W4 blk mc160 kc128 pc2 ways0 status=0 verify=pass
[22:32:37] W4 blk mc160 kc192 pc2 ways0 status=0 verify=pass
[22:32:44] W4 blk mc160 kc256 pc2 ways0 status=0 verify=pass
[22:33:32] W4 blk mc192 kc64 pc2 ways0 status=0 verify=pass
[22:33:38] W4 blk mc192 kc96 pc2 ways0 status=0 verify=pass
[22:34:26] W4 blk mc192 kc128 pc2 ways0 status=0 verify=pass
[22:34:33] W4 blk mc192 kc192 pc2 ways0 status=0 verify=pass
[22:35:22] W4 blk mc192 kc256 pc2 ways0 status=0 verify=pass
[22:35:28] W4 blk mc256 kc64 pc2 ways0 status=0 verify=pass
[22:36:18] W4 blk mc256 kc96 pc2 ways0 status=0 verify=pass
[22:36:23] W4 blk mc256 kc128 pc2 ways0 status=0 verify=pass
[22:37:13] W4 blk mc256 kc192 pc2 ways0 status=0 verify=pass
[22:37:19] W4 blk mc256 kc256 pc2 ways0 status=0 verify=pass
[22:37:49] W4 spm mc96 kc64 pc2 ways4 status=0 verify=pass
[22:37:52] W4 spm mc96 kc96 pc2 ways4 status=0 verify=pass
[22:38:21] W4 spm mc96 kc128 pc2 ways4 status=0 verify=pass
[22:38:23] W4 spm mc96 kc192 pc2 ways4 status=0 verify=pass
[22:38:51] W4 spm mc96 kc256 pc2 ways4 status=0 verify=pass
[22:39:02] W4 spm mc128 kc64 pc2 ways4 status=0 verify=pass
[22:39:25] W4 spm mc128 kc96 pc2 ways4 status=0 verify=pass
[22:39:35] W4 spm mc128 kc128 pc2 ways4 status=0 verify=pass
[22:39:56] W4 spm mc128 kc192 pc2 ways4 status=0 verify=pass
[22:40:05] W4 spm mc128 kc256 pc2 ways4 status=0 verify=pass
[22:40:34] W4 spm mc160 kc64 pc2 ways4 status=0 verify=pass
[22:40:41] W4 spm mc160 kc96 pc2 ways4 status=0 verify=pass
[22:41:06] W4 spm mc160 kc128 pc2 ways4 status=0 verify=pass
[22:41:13] W4 spm mc160 kc192 pc2 ways4 status=0 verify=pass
[22:41:37] W4 spm mc160 kc256 pc2 ways4 status=0 verify=pass
[22:41:52] W4 spm mc192 kc64 pc2 ways4 status=0 verify=pass
[22:42:13] W4 spm mc192 kc96 pc2 ways4 status=0 verify=pass
[22:42:26] W4 spm mc192 kc128 pc2 ways4 status=0 verify=pass
[22:42:46] W4 spm mc192 kc192 pc2 ways4 status=0 verify=pass
[22:42:59] W4 spm mc192 kc256 pc2 ways4 status=0 verify=pass
[22:43:29] W4 spm mc256 kc64 pc2 ways4 status=0 verify=pass
[22:43:36] W4 spm mc256 kc96 pc2 ways4 status=0 verify=pass
[22:44:04] W4 spm mc256 kc128 pc2 ways4 status=0 verify=pass
===== W5 M=2048 K=2048 N=2048 grid-cols=2 =====
[22:44:10] W4 spm mc256 kc192 pc2 ways4 status=0 verify=pass
[22:44:38] W4 spm mc256 kc256 pc2 ways4 status=0 verify=pass
[23:04:34] W5 blk mc96 kc128 pc2 ways0 status=0 verify=pass
[23:07:18] W5 blk mc96 kc64 pc2 ways0 status=0 verify=pass
[23:24:31] W5 blk mc96 kc256 pc2 ways0 status=0 verify=pass
[23:30:57] W5 blk mc128 kc64 pc2 ways0 status=0 verify=pass
[23:44:31] W5 blk mc128 kc128 pc2 ways0 status=0 verify=pass
[23:51:00] W5 blk mc128 kc256 pc2 ways0 status=0 verify=pass
[00:08:26] W5 blk mc160 kc64 pc2 ways0 status=0 verify=pass
[00:11:31] W5 blk mc160 kc128 pc2 ways0 status=0 verify=pass
[00:28:51] W5 blk mc160 kc256 pc2 ways0 status=0 verify=pass
[00:36:58] W5 blk mc192 kc64 pc2 ways0 status=0 verify=pass
[00:50:40] W5 blk mc192 kc128 pc2 ways0 status=0 verify=pass
[00:58:39] W5 blk mc192 kc256 pc2 ways0 status=0 verify=pass
[01:10:35] W5 spm mc96 kc64 pc2 ways4 status=0 verify=pass
[01:13:58] W5 spm mc96 kc128 pc2 ways4 status=0 verify=pass
[01:23:44] W5 spm mc96 kc256 pc2 ways4 status=0 verify=pass
[01:34:10] W5 spm mc128 kc64 pc2 ways4 status=0 verify=pass
[01:39:33] W5 spm mc128 kc128 pc2 ways4 status=0 verify=pass
[01:48:21] W5 spm mc128 kc256 pc2 ways4 status=0 verify=pass
[02:01:41] W5 spm mc160 kc64 pc2 ways4 status=0 verify=pass
[02:04:22] W5 spm mc160 kc128 pc2 ways4 status=0 verify=pass
[02:14:49] W5 spm mc160 kc256 pc2 ways4 status=0 verify=pass
[02:25:57] W5 spm mc192 kc64 pc2 ways4 status=0 verify=pass
===== W6 M=2048 K=64 N=2048 grid-cols=2 =====
[02:31:03] W5 spm mc192 kc128 pc2 ways4 status=0 verify=pass
[02:32:01] W6 blk mc96 kc64 pc2 ways0 status=0 verify=pass
[02:32:59] W6 blk mc128 kc64 pc2 ways0 status=0 verify=pass
[02:33:59] W6 blk mc160 kc64 pc2 ways0 status=0 verify=pass
[02:35:00] W6 blk mc192 kc64 pc2 ways0 status=0 verify=pass
[02:36:04] W6 blk mc256 kc64 pc2 ways0 status=0 verify=pass
[02:36:54] W6 spm mc96 kc64 pc2 ways4 status=0 verify=pass
[02:37:46] W6 spm mc128 kc64 pc2 ways4 status=0 verify=pass
[02:38:40] W6 spm mc160 kc64 pc2 ways4 status=0 verify=pass
[02:39:11] W5 spm mc192 kc256 pc2 ways4 status=0 verify=pass
===== W7 M=784 K=256 N=1024 grid-cols=2 =====
[02:39:35] W6 spm mc192 kc64 pc2 ways4 status=0 verify=pass
[02:40:09] W6 spm mc256 kc64 pc2 ways4 status=0 verify=pass
[02:40:12] W7 blk mc96 kc64 pc2 ways0 status=0 verify=pass
[02:40:45] W7 blk mc96 kc128 pc2 ways0 status=0 verify=pass
[02:40:50] W7 blk mc96 kc256 pc2 ways0 status=0 verify=pass
[02:41:23] W7 blk mc128 kc64 pc2 ways0 status=0 verify=pass
[02:41:26] W7 blk mc128 kc128 pc2 ways0 status=0 verify=pass
[02:42:00] W7 blk mc128 kc256 pc2 ways0 status=0 verify=pass
[02:42:05] W7 blk mc160 kc64 pc2 ways0 status=0 verify=pass
[02:42:37] W7 blk mc160 kc128 pc2 ways0 status=0 verify=pass
[02:42:44] W7 blk mc160 kc256 pc2 ways0 status=0 verify=pass
[02:43:19] W7 blk mc192 kc64 pc2 ways0 status=0 verify=pass
[02:43:23] W7 blk mc192 kc128 pc2 ways0 status=0 verify=pass
[02:44:01] W7 blk mc192 kc256 pc2 ways0 status=0 verify=pass
[02:44:04] W7 blk mc256 kc64 pc2 ways0 status=0 verify=pass
[02:44:39] W7 blk mc256 kc128 pc2 ways0 status=0 verify=pass
[02:44:45] W7 blk mc256 kc256 pc2 ways0 status=0 verify=pass
[02:45:09] W7 spm mc96 kc64 pc2 ways4 status=0 verify=pass
[02:45:11] W7 spm mc96 kc128 pc2 ways4 status=0 verify=pass
[02:45:35] W7 spm mc96 kc256 pc2 ways4 status=0 verify=pass
[02:45:42] W7 spm mc128 kc64 pc2 ways4 status=0 verify=pass
[02:46:02] W7 spm mc128 kc128 pc2 ways4 status=0 verify=pass
[02:46:09] W7 spm mc128 kc256 pc2 ways4 status=0 verify=pass
[02:46:34] W7 spm mc160 kc64 pc2 ways4 status=0 verify=pass
[02:46:36] W7 spm mc160 kc128 pc2 ways4 status=0 verify=pass
[02:47:02] W7 spm mc160 kc256 pc2 ways4 status=0 verify=pass
[02:47:11] W7 spm mc192 kc64 pc2 ways4 status=0 verify=pass
[02:47:32] W7 spm mc192 kc128 pc2 ways4 status=0 verify=pass
[02:47:40] W7 spm mc192 kc256 pc2 ways4 status=0 verify=pass
[02:48:07] W7 spm mc256 kc64 pc2 ways4 status=0 verify=pass
[02:48:11] W7 spm mc256 kc128 pc2 ways4 status=0 verify=pass
[02:48:36] W7 spm mc256 kc256 pc2 ways4 status=0 verify=pass
[02:48:36] ACL FP16 W1-W7 SECONDARY SWEEP DONE
